stm32h7xx_hal_eth.c:2027:13:ETH_SetMACConfig	56	static
stm32h7xx_hal_eth.c:2104:13:ETH_SetDMAConfig	12	static
stm32h7xx_hal_eth.c:2353:17:ETH_Prepare_Tx_Descriptors	36	static
stm32h7xx_hal_eth.c:357:13:HAL_ETH_MspInit	0	static
stm32h7xx_hal_eth.c:372:13:HAL_ETH_MspDeInit	0	static
stm32h7xx_hal_eth.c:336:19:HAL_ETH_DeInit	8	static
stm32h7xx_hal_eth.c:391:19:HAL_ETH_DescAssignMemory	0	static
stm32h7xx_hal_eth.c:450:19:HAL_ETH_Start	8	static
stm32h7xx_hal_eth.c:491:19:HAL_ETH_Start_IT	8	static
stm32h7xx_hal_eth.c:554:19:HAL_ETH_Stop	0	static
stm32h7xx_hal_eth.c:594:19:HAL_ETH_Stop_IT	8	static
stm32h7xx_hal_eth.c:652:19:HAL_ETH_Transmit	24	static
stm32h7xx_hal_eth.c:736:19:HAL_ETH_Transmit_IT	8	static
stm32h7xx_hal_eth.c:778:9:HAL_ETH_IsRxDataAvailable	20	static
stm32h7xx_hal_eth.c:901:19:HAL_ETH_GetRxDataBuffer	24	static
stm32h7xx_hal_eth.c:1005:19:HAL_ETH_GetRxDataLength	16	static
stm32h7xx_hal_eth.c:1037:19:HAL_ETH_GetRxDataInfo	16	static
stm32h7xx_hal_eth.c:1110:19:HAL_ETH_BuildRxDescriptors	20	static
stm32h7xx_hal_eth.c:1288:13:HAL_ETH_TxCpltCallback	0	static
stm32h7xx_hal_eth.c:1303:13:HAL_ETH_RxCpltCallback	0	static
stm32h7xx_hal_eth.c:1318:13:HAL_ETH_DMAErrorCallback	0	static
stm32h7xx_hal_eth.c:1331:13:HAL_ETH_MACErrorCallback	0	static
stm32h7xx_hal_eth.c:1346:13:HAL_ETH_PMTCallback	0	static
stm32h7xx_hal_eth.c:1361:13:HAL_ETH_EEECallback	0	static
stm32h7xx_hal_eth.c:1376:13:HAL_ETH_WakeUpCallback	0	static
stm32h7xx_hal_eth.c:1173:6:HAL_ETH_IRQHandler	8	static
stm32h7xx_hal_eth.c:1394:19:HAL_ETH_ReadPHYRegister	16	static
stm32h7xx_hal_eth.c:1449:19:HAL_ETH_WritePHYRegister	16	static
stm32h7xx_hal_eth.c:1521:19:HAL_ETH_GetMACConfig	0	static
stm32h7xx_hal_eth.c:1588:19:HAL_ETH_GetDMAConfig	0	static
stm32h7xx_hal_eth.c:1622:19:HAL_ETH_SetMACConfig	8	static
stm32h7xx_hal_eth.c:1649:19:HAL_ETH_SetDMAConfig	8	static
stm32h7xx_hal_eth.c:1727:19:HAL_ETH_SetMACFilterConfig	20	static
stm32h7xx_hal_eth.c:1761:19:HAL_ETH_GetMACFilterConfig	0	static
stm32h7xx_hal_eth.c:1795:19:HAL_ETH_SetSourceMACAddrMatch	8	static
stm32h7xx_hal_eth.c:1828:19:HAL_ETH_SetHashTable	0	static
stm32h7xx_hal_eth.c:1850:6:HAL_ETH_SetRxVLANIdentifier	0	static
stm32h7xx_hal_eth.c:1872:6:HAL_ETH_EnterPowerDownMode	20	static
stm32h7xx_hal_eth.c:1894:6:HAL_ETH_ExitPowerDownMode	0	static
stm32h7xx_hal_eth.c:1917:19:HAL_ETH_SetWakeUpFilter	0	static
stm32h7xx_hal_eth.c:1966:22:HAL_ETH_GetState	0	static
stm32h7xx_hal_eth.c:1981:10:HAL_ETH_GetError	0	static
stm32h7xx_hal_eth.c:1992:10:HAL_ETH_GetDMAError	0	static
stm32h7xx_hal_eth.c:2003:10:HAL_ETH_GetMACError	0	static
stm32h7xx_hal_eth.c:2014:10:HAL_ETH_GetMACWakeUpSource	0	static
stm32h7xx_hal_eth.c:2219:13:ETH_MAC_MDIO_ClkConfig	16	static
stm32h7xx_hal_eth.c:233:19:HAL_ETH_Init	160	static
