stm32h7xx_hal.c:204:13:HAL_MspInit	0	static
stm32h7xx_hal.c:215:13:HAL_MspDeInit	0	static
stm32h7xx_hal.c:163:19:HAL_DeInit	8	static
stm32h7xx_hal.c:238:26:HAL_InitTick	8	static
stm32h7xx_hal.c:142:19:HAL_Init	8	static
stm32h7xx_hal.c:286:13:HAL_IncTick	0	static
stm32h7xx_hal.c:297:17:HAL_GetTick	0	static
stm32h7xx_hal.c:313:13:HAL_Delay	16	static
stm32h7xx_hal.c:332:13:HAL_SuspendTick	0	static
stm32h7xx_hal.c:348:13:HAL_ResumeTick	0	static
stm32h7xx_hal.c:358:10:HAL_GetHalVersion	0	static
stm32h7xx_hal.c:367:10:HAL_GetREVID	0	static
stm32h7xx_hal.c:376:10:HAL_GetDEVID	0	static
stm32h7xx_hal.c:395:6:HAL_SYSCFG_VREFBUF_VoltageScalingConfig	0	static
stm32h7xx_hal.c:411:6:HAL_SYSCFG_VREFBUF_HighImpedanceConfig	0	static
stm32h7xx_hal.c:423:6:HAL_SYSCFG_VREFBUF_TrimmingConfig	0	static
stm32h7xx_hal.c:435:19:HAL_SYSCFG_EnableVREFBUF	16	static
stm32h7xx_hal.c:461:6:HAL_SYSCFG_DisableVREFBUF	0	static
stm32h7xx_hal.c:474:6:HAL_SYSCFG_ETHInterfaceSelect	0	static
stm32h7xx_hal.c:504:6:HAL_SYSCFG_AnalogSwitchConfig	0	static
stm32h7xx_hal.c:522:6:HAL_SYSCFG_EnableBOOST	0	static
stm32h7xx_hal.c:534:6:HAL_SYSCFG_DisableBOOST	0	static
stm32h7xx_hal.c:549:6:HAL_SYSCFG_CM7BootAddConfig	8	static
stm32h7xx_hal.c:574:6:HAL_EnableCompensationCell	0	static
stm32h7xx_hal.c:585:6:HAL_DisableCompensationCell	0	static
stm32h7xx_hal.c:598:6:HAL_SYSCFG_EnableIOSpeedOptimize	0	static
stm32h7xx_hal.c:610:6:HAL_SYSCFG_DisableIOSpeedOptimize	0	static
stm32h7xx_hal.c:623:6:HAL_SYSCFG_CompensationCodeSelect	0	static
stm32h7xx_hal.c:640:6:HAL_SYSCFG_CompensationCodeConfig	0	static
stm32h7xx_hal.c:653:6:HAL_DBGMCU_EnableDBGSleepMode	0	static
stm32h7xx_hal.c:662:6:HAL_DBGMCU_DisableDBGSleepMode	0	static
stm32h7xx_hal.c:671:6:HAL_DBGMCU_EnableDBGStopMode	0	static
stm32h7xx_hal.c:680:6:HAL_DBGMCU_DisableDBGStopMode	0	static
stm32h7xx_hal.c:689:6:HAL_DBGMCU_EnableDBGStandbyMode	0	static
stm32h7xx_hal.c:698:6:HAL_DBGMCU_DisableDBGStandbyMode	0	static
stm32h7xx_hal.c:707:6:HAL_EnableDomain3DBGStopMode	0	static
stm32h7xx_hal.c:716:6:HAL_DisableDomain3DBGStopMode	0	static
stm32h7xx_hal.c:725:6:HAL_EnableDomain3DBGStandbyMode	0	static
stm32h7xx_hal.c:734:6:HAL_DisableDomain3DBGStandbyMode	0	static
stm32h7xx_hal.c:745:6:HAL_SetFMCMemorySwappingConfig	0	static
stm32h7xx_hal.c:757:10:HAL_GetFMCMemorySwappingConfig	0	static
stm32h7xx_hal.c:774:6:HAL_EXTI_EdgeConfig	8	static
stm32h7xx_hal.c:800:6:HAL_EXTI_GenerateSWInterrupt	0	static
stm32h7xx_hal.c:815:6:HAL_EXTI_D1_ClearFlag	0	static
stm32h7xx_hal.c:835:6:HAL_EXTI_D1_EventInputConfig	16	static
stm32h7xx_hal.c:883:6:HAL_EXTI_D3_EventInputConfig	16	static
