stm32h7xx_hal_spi.c:3485:26:SPI_WaitFifoStateUntilTimeout.part.2	0	static
stm32h7xx_hal_spi.c:3485:26:SPI_WaitFifoStateUntilTimeout.constprop	16	static
stm32h7xx_hal_spi.c:3810:13:SPI_AbortRx_ISR	16	static
stm32h7xx_hal_spi.c:3601:26:SPI_EndRxTxTransaction.isra.3	16	static
stm32h7xx_hal_spi.c:3846:13:SPI_AbortTx_ISR	16	static
stm32h7xx_hal_spi.c:403:13:HAL_SPI_MspInit	0	static
stm32h7xx_hal_spi.c:202:19:HAL_SPI_Init	24	static
stm32h7xx_hal_spi.c:419:13:HAL_SPI_MspDeInit	0	static
stm32h7xx_hal_spi.c:369:19:HAL_SPI_DeInit	8	static
stm32h7xx_hal_spi.c:1213:19:HAL_SPI_Transmit_IT	8	static
stm32h7xx_hal_spi.c:1412:19:HAL_SPI_TransmitReceive_IT	8	static
stm32h7xx_hal_spi.c:1311:19:HAL_SPI_Receive_IT	12	static
stm32h7xx_hal_spi.c:1501:19:HAL_SPI_Transmit_DMA	16	static
stm32h7xx_hal_spi.c:1776:19:HAL_SPI_TransmitReceive_DMA	16	static
stm32h7xx_hal_spi.c:1637:19:HAL_SPI_Receive_DMA	24	static
stm32h7xx_hal_spi.c:1955:19:HAL_SPI_Abort	16	static
stm32h7xx_hal_spi.c:2296:19:HAL_SPI_DMAPause	0	static
stm32h7xx_hal_spi.c:2331:19:HAL_SPI_DMAResume	0	static
stm32h7xx_hal_spi.c:2366:19:HAL_SPI_DMAStop	8	static
stm32h7xx_hal_spi.c:2550:13:HAL_SPI_TxCpltCallback	0	static
stm32h7xx_hal_spi.c:2566:13:HAL_SPI_RxCpltCallback	0	static
stm32h7xx_hal_spi.c:2582:13:HAL_SPI_TxRxCpltCallback	0	static
stm32h7xx_hal_spi.c:2598:13:HAL_SPI_TxHalfCpltCallback	0	static
stm32h7xx_hal_spi.c:2921:13:SPI_DMAHalfTransmitCplt	8	static
stm32h7xx_hal_spi.c:2614:13:HAL_SPI_RxHalfCpltCallback	0	static
stm32h7xx_hal_spi.c:2934:13:SPI_DMAHalfReceiveCplt	8	static
stm32h7xx_hal_spi.c:2630:13:HAL_SPI_TxRxHalfCpltCallback	0	static
stm32h7xx_hal_spi.c:2947:13:SPI_DMAHalfTransmitReceiveCplt	8	static
stm32h7xx_hal_spi.c:2646:13:HAL_SPI_ErrorCallback	0	static
stm32h7xx_hal_spi.c:475:19:HAL_SPI_Transmit	24	static
stm32h7xx_hal_spi.c:941:19:HAL_SPI_TransmitReceive	32	static
stm32h7xx_hal_spi.c:707:19:HAL_SPI_Receive	32	static
stm32h7xx_hal_spi.c:3779:13:SPI_CloseTx_ISR	8	static
stm32h7xx_hal_spi.c:3382:13:SPI_TxISR_8BIT	0	static
stm32h7xx_hal_spi.c:3400:13:SPI_TxISR_16BIT	4	static
stm32h7xx_hal_spi.c:3419:13:SPI_TxISR_32BIT	4	static
stm32h7xx_hal_spi.c:3732:13:SPI_CloseRx_ISR	8	static
stm32h7xx_hal_spi.c:3325:13:SPI_RxISR_8BIT	0	static
stm32h7xx_hal_spi.c:3344:13:SPI_RxISR_16BIT	0	static
stm32h7xx_hal_spi.c:3363:13:SPI_RxISR_32BIT	0	static
stm32h7xx_hal_spi.c:3683:13:SPI_CloseRxTx_ISR	8	static
stm32h7xx_hal_spi.c:3241:13:SPI_2linesTxISR_8BIT	0	static
stm32h7xx_hal_spi.c:3159:13:SPI_2linesRxISR_8BIT	0	static
stm32h7xx_hal_spi.c:3271:13:SPI_2linesTxISR_16BIT	4	static
stm32h7xx_hal_spi.c:3189:13:SPI_2linesRxISR_16BIT	4	static
stm32h7xx_hal_spi.c:3298:13:SPI_2linesTxISR_32BIT	4	static
stm32h7xx_hal_spi.c:3215:13:SPI_2linesRxISR_32BIT	4	static
stm32h7xx_hal_spi.c:2960:13:SPI_DMAError	8	static
stm32h7xx_hal_spi.c:2736:13:SPI_DMATransmitCplt	8	static
stm32h7xx_hal_spi.c:2797:13:SPI_DMAReceiveCplt	8	static
stm32h7xx_hal_spi.c:2855:13:SPI_DMATransmitReceiveCplt	16	static
stm32h7xx_hal_spi.c:2414:6:HAL_SPI_IRQHandler	16	static
stm32h7xx_hal_spi.c:2993:13:SPI_DMAAbortOnError	8	static
stm32h7xx_hal_spi.c:2664:13:HAL_SPI_AbortCpltCallback	0	static
stm32h7xx_hal_spi.c:2105:19:HAL_SPI_Abort_IT	24	static
stm32h7xx_hal_spi.c:3088:13:SPI_DMARxAbortCallback	8	static
stm32h7xx_hal_spi.c:3010:13:SPI_DMATxAbortCallback	8	static
stm32h7xx_hal_spi.c:2699:22:HAL_SPI_GetState	0	static
stm32h7xx_hal_spi.c:2711:10:HAL_SPI_GetError	0	static
